SQL> SET PAGES 200 LINES 200;
SQL> -- WAQTD NAME AND DEPTNO. OF THE EMP WORKING IN SAME DEPT AS SMITH?
SQL> 
SQL> SELECT ENAME, DEPTNO
  2  FROM EMP
  3  WHERE DEPT = (
  4                SELECT DEPTNO
  5                FROM EMP
  6                WHERE ENAME = 'SMITH');
WHERE DEPT = (
      *
ERROR at line 3:
ORA-00904: "DEPT": invalid identifier 


SQL> ED
Wrote file afiedt.buf

  1  SELECT ENAME, DEPTNO
  2  FROM EMP
  3  WHERE DEPTNO = (
  4                SELECT DEPTNO
  5                FROM EMP
  6*               WHERE ENAME = 'SMITH')
SQL> /

ENAME          DEPTNO                                                                                                                                                                                   
---------- ----------                                                                                                                                                                                   
SMITH              20                                                                                                                                                                                   
JONES              20                                                                                                                                                                                   
SCOTT              20                                                                                                                                                                                   
ADAMS              20                                                                                                                                                                                   
FORD               20                                                                                                                                                                                   

SQL> -- WAQTD NAME, SALARY , DEPTNO OF THE EMP IF EMP EARN MORE THAN 2000 AND WORK IN SAME DEPT AS JAMES?
SQL> S
SP2-0042: unknown command "S" - rest of line ignored.
SQL> 
SQL> SELECT ENAME, SAL, DEPTNO
  2  FROM EMP
  3  WHERE SAL>2000 AND DEPTNO = (
  4                               SELECT DEPTNO
  5                               FROM EMP
  6                               WHERE ENAME = 'JAMES');

ENAME             SAL     DEPTNO                                                                                                                                                                        
---------- ---------- ----------                                                                                                                                                                        
BLAKE            2850         30                                                                                                                                                                        

SQL> --WAQTD DETAILS OF THE EMP WHO ARE EARNING MORE THAN SMITH BUT LESS THAN KING AND WHOSE NAME ENDS WITH S AND HIRED AFTER JAMES?
SQL> 
SQL> SELECT SAL, ENAME, HIREDATE
  2  FROM EMP
  3  WHERE SAL> 'SMITH' AND SAL< 'KING' AND ENAME LIKE '%S' AND HIREDATE> (SELECT HIREDATE
  4                                                                        FROM EMP
  5                                                                        WHERE ENAME = 'JAMES');
WHERE SAL> 'SMITH' AND SAL< 'KING' AND ENAME LIKE '%S' AND HIREDATE> (SELECT HIREDATE
           *
ERROR at line 3:
ORA-01722: invalid number 


SQL> ED
Wrote file afiedt.buf

  1  SELECT SAL, ENAME, HIREDATE
  2  FROM EMP
  3  WHERE SAL> 'SMITH' AND SAL< 'KING' AND ENAME LIKE '%S' AND HIREDATE> (SELECT HIREDATE
  4                                                                        FROM EMP
  5*                                                                       WHERE ENAME = 'JAMES')
SQL> 
SQL> 
SQL> SELECT *
  2  FROM EMP
  3  WHERE SAL> (SELECT SAL
  4              FROM EMP
  5              WHERE ENAME = 'SMITH')
  6  
SQL> SELECT *
  2  FROM EMP
  3  WHERE SAL> (SELECT SAL
  4              FROM EMP
  5              WHERE ENAME = 'SMITH') AND
  6  
SQL> SELECT *
  2  FROM EMP
  3  WHERE SAL> (SELECT SAL
  4              FROM EMP
  5              WHERE ENAME = 'SMITH') AND
  6        SAL < (SELECT SAL
  7               FROM EMP
  8               WHERE ENAME = 'KING') AND
  9       ENAME LIKE '%S' AND
 10       HIREDATE > (SELECT HIREDATE
 11                   FROM EMP
 12                   WHERE ENAME = 'JAMES');

     EMPNO ENAME      JOB              MGR HIREDATE         SAL       COMM     DEPTNO                                                                                                                   
---------- ---------- --------- ---------- --------- ---------- ---------- ----------                                                                                                                   
      7876 ADAMS      CLERK           7788 23-MAY-87       1100                    20                                                                                                                   

SQL>  --CASE 2
SQL> -- WAQTD NAME AND JOB OF EMP WHO IS WORKING IN NEWYORK?
SQL> 
SQL> SELECT ENAME, JOB
  2  FROM EMP
  3  WHERE DEPTNO = (SELECT DEPTNO
  4                  FROM DEPT
  5                  WHERE LOC IN 'NEWYORK');

no rows selected

SQL> ED
Wrote file afiedt.buf

  1  SELECT ENAME, JOB
  2  FROM EMP
  3  WHERE DEPTNO = (SELECT DEPTNO
  4                  FROM DEPT
  5*                 WHERE LOC IN 'NEW YORK')
SQL> /

ENAME      JOB                                                                                                                                                                                          
---------- ---------                                                                                                                                                                                    
CLARK      MANAGER                                                                                                                                                                                      
KING       PRESIDENT                                                                                                                                                                                    
MILLER     CLERK                                                                                                                                                                                        

SQL>  -- WAQTD DNAME AND LOCATION OF EMP WHO ARE WORKING AS MANAGER?
SQL> SELECT DNAME, JOB
  2  FROM EMP
  3  WHERE JOB =(SELECT JOB
  4              FROM DEPT
  5              WHERE JOB IN 'MANAGER');
SELECT DNAME, JOB
       *
ERROR at line 1:
ORA-00904: "DNAME": invalid identifier 


SQL> ED
Wrote file afiedt.buf

  1  SELECT DEPTNO, LOC
  2  FROM EMP
  3  WHERE JOB =(SELECT JOB
  4              FROM DEPT
  5*             WHERE JOB IN 'MANAGER')
SQL> /
SELECT DEPTNO, LOC
               *
ERROR at line 1:
ORA-00904: "LOC": invalid identifier 


SQL> ED
Wrote file afiedt.buf

  1  SELECT DEPTNO
  2  FROM EMP
  3  WHERE JOB =(SELECT JOB
  4              FROM DEPT
  5*             WHERE JOB IN 'MANAGER')
SQL> /
WHERE JOB =(SELECT JOB
            *
ERROR at line 3:
ORA-01427: single-row subquery returns more than one row 


SQL> SELECT *
  2  FROM EMP;

     EMPNO ENAME      JOB              MGR HIREDATE         SAL       COMM     DEPTNO                                                                                                                   
---------- ---------- --------- ---------- --------- ---------- ---------- ----------                                                                                                                   
      7369 SMITH      CLERK           7902 17-DEC-80        800                    20                                                                                                                   
      7499 ALLEN      SALESMAN        7698 20-FEB-81       1600        300         30                                                                                                                   
      7521 WARD       SALESMAN        7698 22-FEB-81       1250        500         30                                                                                                                   
      7566 JONES      MANAGER         7839 02-APR-81       2975                    20                                                                                                                   
      7654 MARTIN     SALESMAN        7698 28-SEP-81       1250       1400         30                                                                                                                   
      7698 BLAKE      MANAGER         7839 01-MAY-81       2850                    30                                                                                                                   
      7782 CLARK      MANAGER         7839 09-JUN-81       2450                    10                                                                                                                   
      7788 SCOTT      ANALYST         7566 19-APR-87       3000                    20                                                                                                                   
      7839 KING       PRESIDENT            17-NOV-81       5000                    10                                                                                                                   
      7844 TURNER     SALESMAN        7698 08-SEP-81       1500          0         30                                                                                                                   
      7876 ADAMS      CLERK           7788 23-MAY-87       1100                    20                                                                                                                   
      7900 JAMES      CLERK           7698 03-DEC-81        950                    30                                                                                                                   
      7902 FORD       ANALYST         7566 03-DEC-81       3000                    20                                                                                                                   
      7934 MILLER     CLERK           7782 23-JAN-82       1300                    10                                                                                                                   

14 rows selected.

SQL> SELECT DEPTNO
  2  FROM EMP
  3  WHERE JOB =(SELECT JOB
  4              FROM DEPT
  5  
SQL> 
SQL> SELECT DEPTNO
  2  FROM EMP
  3  WHERE JOB =(SELECT JOB
  4              FROM DEPT
  5              WHERE JOB IN 'MANAGER')
  6  
SQL> SELECT DEPTNO
  2  FROM EMP
  3  WHERE JOB IN (SELECT J0B
  4                FROM DEPT
  5                WHERE JOB IN 'MANAGER');
WHERE JOB IN (SELECT J0B
                     *
ERROR at line 3:
ORA-00904: "J0B": invalid identifier 


SQL> ED
Wrote file afiedt.buf

  1  SELECT DNAME, LOC
  2  FROM EMP
  3  WHERE JOB IN (SELECT J0B
  4                FROM DEPT
  5*               WHERE JOB IN 'MANAGER')
SQL> /
SELECT DNAME, LOC
              *
ERROR at line 1:
ORA-00904: "LOC": invalid identifier 


SQL> SELECT DNAME
  2  FROM DEPT
  3  WHERE DEPTNO IN(SELECT DEPTNO
  4                  FROM EMP
  5                  WHERE JOB = 'MANAGER');

DNAME                                                                                                                                                                                                   
--------------                                                                                                                                                                                          
ACCOUNTING                                                                                                                                                                                              
RESEARCH                                                                                                                                                                                                
SALES                                                                                                                                                                                                   

SQL> -- WAQTD DNAME OF MILLER
SQL> 
SQL> SELECT DNAME
  2  FROM DEPT
  3  WHERE DEPTNO IN(SELECT DEPTNO
  4                  FROM EMP
  5                  WHERE ENAME = 'MILLER');

DNAME                                                                                                                                                                                                   
--------------                                                                                                                                                                                          
ACCOUNTING                                                                                                                                                                                              

SQL> -- WAQTD LOCATION OF ADAMS
SQL> SELECT DEPTNO
  2  FROM EMP
  3  WHERE LOC IN (SELECT DEPTNO
  4                FROM DEPT
  5                WHERE ENAME = 'ADAMS');
WHERE LOC IN (SELECT DEPTNO
      *
ERROR at line 3:
ORA-00904: "LOC": invalid identifier 


SQL> ED
Wrote file afiedt.buf

  1  SELECT DEPTNO
  2  FROM EMP
  3  WHERE LOC IN (SELECT LOC
  4                FROM DEPT
  5*               WHERE ENAME = 'ADAMS')
SQL> /
WHERE LOC IN (SELECT LOC
      *
ERROR at line 3:
ORA-00904: "LOC": invalid identifier 


SQL> ED
Wrote file afiedt.buf

  1  SELECT DEPTNO
  2  FROM EMP
  3  WHERE DEPTNO IN (SELECT LOC
  4                FROM DEPT
  5*               WHERE ENAME = 'ADAMS')
SQL> /
WHERE DEPTNO IN (SELECT LOC
                        *
ERROR at line 3:
ORA-01722: invalid number 


SQL> SELECT *
  2  FROM DEPT
  3  
SQL> 
SQL> SELECT *
  2  FROM DEPT;

    DEPTNO DNAME          LOC                                                                                                                                                                           
---------- -------------- -------------                                                                                                                                                                 
        10 ACCOUNTING     NEW YORK                                                                                                                                                                      
        20 RESEARCH       DALLAS                                                                                                                                                                        
        30 SALES          CHICAGO                                                                                                                                                                       
        40 OPERATIONS     BOSTON                                                                                                                                                                        

SQL> SELECT *
  2  FROM EMP;

     EMPNO ENAME      JOB              MGR HIREDATE         SAL       COMM     DEPTNO                                                                                                                   
---------- ---------- --------- ---------- --------- ---------- ---------- ----------                                                                                                                   
      7369 SMITH      CLERK           7902 17-DEC-80        800                    20                                                                                                                   
      7499 ALLEN      SALESMAN        7698 20-FEB-81       1600        300         30                                                                                                                   
      7521 WARD       SALESMAN        7698 22-FEB-81       1250        500         30                                                                                                                   
      7566 JONES      MANAGER         7839 02-APR-81       2975                    20                                                                                                                   
      7654 MARTIN     SALESMAN        7698 28-SEP-81       1250       1400         30                                                                                                                   
      7698 BLAKE      MANAGER         7839 01-MAY-81       2850                    30                                                                                                                   
      7782 CLARK      MANAGER         7839 09-JUN-81       2450                    10                                                                                                                   
      7788 SCOTT      ANALYST         7566 19-APR-87       3000                    20                                                                                                                   
      7839 KING       PRESIDENT            17-NOV-81       5000                    10                                                                                                                   
      7844 TURNER     SALESMAN        7698 08-SEP-81       1500          0         30                                                                                                                   
      7876 ADAMS      CLERK           7788 23-MAY-87       1100                    20                                                                                                                   
      7900 JAMES      CLERK           7698 03-DEC-81        950                    30                                                                                                                   
      7902 FORD       ANALYST         7566 03-DEC-81       3000                    20                                                                                                                   
      7934 MILLER     CLERK           7782 23-JAN-82       1300                    10                                                                                                                   

14 rows selected.

SQL> SELECT LOC
  2  FROM DEPT
  3  WHERE DEPTNO IN(SELECT DEPTNO
  4                  FROM EMP
  5                  WHERE ENAME = 'ADAMS');

LOC                                                                                                                                                                                                     
-------------                                                                                                                                                                                           
DALLAS                                                                                                                                                                                                  

SQL> -- AQTD NAME OF THE EMP WORKINIG IN NEWYORK AND IN A SAME DESIGNATION AS JONES
SQL> SELECT ENAME
  2  FROM EMP
  3  WHERE DEPTNO = (SELECT DEPTNO
  4                  FROM DEPT
  5                  WHERE ENAME = 'JONES');
WHERE DEPTNO = (SELECT DEPTNO
                *
ERROR at line 3:
ORA-01427: single-row subquery returns more than one row 


SQL> ED
Wrote file afiedt.buf

  1  SELECT ENAME
  2  FROM EMP
  3  WHERE DEPTNO IN (SELECT DEPTNO
  4                  FROM DEPT
  5*                 WHERE ENAME = 'JONES')
SQL> /

ENAME                                                                                                                                                                                                   
----------                                                                                                                                                                                              
JONES                                                                                                                                                                                                   

SQL> ED
Wrote file afiedt.buf

  1  SELECT ENAME
  2  FROM EMP
  3  WHERE DEPTNO IN (SELECT DEPTNO
  4                  FROM DEPT
  5*                 WHERE ENAME = 'JONES' AND LOC =' NEW YORK')
SQL> /

no rows selected

SQL> 
SQL> 
SQL> SELECT ENAME
  2  FROM EMP
  3  WHERE DEPTNO IN (SELECT DEPTNO
  4                   FROM DEPT
  5                   WHERE LOC = 'NEW YORK')
  6  AND
  7         JOB IN(SELECT JOB
  8                FROM EMP
  9                WHERE ENAME = 'JONES');

ENAME                                                                                                                                                                                                   
----------                                                                                                                                                                                              
CLARK                                                                                                                                                                                                   

SQL> -- WAQTD NAME AND SAL OF AN EMP WHO ARE EARNING MORE THAN KINGIN DEPT ACCOUNTING
SQL> 
SQL> SELECT *
  2  FROM DEPT
  3  ;

    DEPTNO DNAME          LOC                                                                                                                                                                           
---------- -------------- -------------                                                                                                                                                                 
        10 ACCOUNTING     NEW YORK                                                                                                                                                                      
        20 RESEARCH       DALLAS                                                                                                                                                                        
        30 SALES          CHICAGO                                                                                                                                                                       
        40 OPERATIONS     BOSTON                                                                                                                                                                        

SQL> SELECT ENAME, SAL
  2  FROM EMP
  3  WHERE DEPTNO IN (SELECT DEPTNO
  4                   FROM DEPT
  5                   WHERE DNAME = 'ACCOUNTING') AND
  6       SAL < ( SELECT SAL
  7               FROM EMP
  8               WHERE ENAME = 'KING');

ENAME             SAL                                                                                                                                                                                   
---------- ----------                                                                                                                                                                                   
CLARK            2450                                                                                                                                                                                   
MILLER           1300                                                                                                                                                                                   

SQL> SPOOL OFF;
