SQL> set pages 200 lines 200
SQL> SELECT COUNT(E.ENAME)
  2  FROM EMP
  3   E, EMP BM, EMP F, EMP FM
  4  WHERE E.MGR = BM.EMPNO AND F.MGR = FM.MGR AND E.ENAME = 'BLAKE' AND F.ENAME = 'FORD' AND E.SAL < FM.SAL;

COUNT(E.ENAME)
--------------
             2


  1  SELECT SUM(E.SAL)
  2  FROM EMP S, EMP SM, EMP E, DEPT SMD, DEPT ED
  3 WHERE S.MGR = SM.EMPNO AND E.DEPTNO = ED.DEPTNO AND SM.DEPTNO = SMD.DEPTNO AND SMD.DNAME = ED.DNAME AND S.ENAME = 'SCOTT'


SUM(E.SAL)
----------
     10875

--Q3

  1  SELECT E.ENAME, E.JOB, ED.DNAME, ED.LOC
  2  FROM EMP S, EMP SM, EMP SMM, EMP E, DEPT SMMD, DEPT ED
  3 WHERE S.MGR = SM.EMPNO AND SM.MGR = SMM.EMPNO AND E.DEPTNO = ED.DEPTNO AND SMM.DEPTNO = SMMD.DEPTNO AND S.ENAME = 'SMITH' AND SMMD.DNAME = ED.DNAME


ENAME      JOB       DNAME          LOC
---------- --------- -------------- -------------
SMITH      CLERK     RESEARCH       DALLAS
JONES      MANAGER   RESEARCH       DALLAS
SCOTT      ANALYST   RESEARCH       DALLAS
ADAMS      CLERK     RESEARCH       DALLAS
FORD       ANALYST   RESEARCH       DALLAS