SQL> SELECT *
  2  FROM EMP
  3  WHERE DEPTNO IN (10,20,30) AND SAL>2000 AND HIREDATE BETWEEN '01-JAN-1985' AND '31-DEC-1987';

     EMPNO ENAME      JOB              MGR HIREDATE         SAL       COMM     DEPTNO                                                                                                                   
---------- ---------- --------- ---------- --------- ---------- ---------- ----------                                                                                                                   
      7788 SCOTT      ANALYST         7566 19-APR-87       3000                    20                                                                                                                   

SQL> SELECT DEPTNO
  2  FROM EMP
  3  WHERE LOC LIKE '%L%';
WHERE LOC LIKE '%L%'
      *
ERROR at line 3:
ORA-00904: "LOC": invalid identifier 


SQL> EDIT
Wrote file afiedt.buf

  1  SELECT DEPTNO
  2  FROM EMP
  3  WHERE DEPTNO IN (SELECT DEPTNO
  4  FROM DEPT 
  5* WHERE LOC LIKE '%L%')
SQL> /

    DEPTNO                                                                                                                                                                                              
----------                                                                                                                                                                                              
        20                                                                                                                                                                                              
        20                                                                                                                                                                                              
        20                                                                                                                                                                                              
        20                                                                                                                                                                                              
        20                                                                                                                                                                                              

SQL> SELECT ENAME
  2  FROM EMP
  3  WHERE SAL>1500 AND
  4  COMM IS NOT NULL AND
  5  DEPTNO IN (20,30) AND
  6  ENAME LIKE '%A%';

ENAME                                                                                                                                                                                                   
----------                                                                                                                                                                                              
ALLEN                                                                                                                                                                                                   

SQL> SELECT *
  2  FROM EMP
  3  WHERE JOB='CLERK' AND SAL LIKE '%00';

     EMPNO ENAME      JOB              MGR HIREDATE         SAL       COMM     DEPTNO                                                                                                                   
---------- ---------- --------- ---------- --------- ---------- ---------- ----------                                                                                                                   
      7369 SMITH      CLERK           7902 17-DEC-80        800                    20                                                                                                                   
      7876 ADAMS      CLERK           7788 23-MAY-87       1100                    20                                                                                                                   
      7934 MILLER     CLERK           7782 23-JAN-82       1300                    10                                                                                                                   

SQL> SELECT ENAME
  2  FROM EMP
  3  WHERE ENAME LIKE 'A%' AND SAL BETWEEN 1000 AND 3000;

ENAME                                                                                                                                                                                                   
----------                                                                                                                                                                                              
ALLEN                                                                                                                                                                                                   
ADAMS                                                                                                                                                                                                   

SQL> SELECT ENAME
  2  FROM EMP
  3  WHERE LENGTH(ENAME)=5
  4  DEPTNO=30;
DEPTNO=30
*
ERROR at line 4:
ORA-00933: SQL command not properly ended 


SQL> EDIT
Wrote file afiedt.buf

  1  SELECT ENAME
  2  FROM EMP
  3  WHERE LENGTH(ENAME)=5
  4  AND
  5* DEPTNO=30
SQL> /

ENAME                                                                                                                                                                                                   
----------                                                                                                                                                                                              
ALLEN                                                                                                                                                                                                   
BLAKE                                                                                                                                                                                                   
JAMES                                                                                                                                                                                                   

SQL> SELECT *
  2  FROM EMP
  3  WHERE MGR IN (SELECT EMPNO
  4  FROM EMP
  5  WHERE DEPTNO IN (20,30));

     EMPNO ENAME      JOB              MGR HIREDATE         SAL       COMM     DEPTNO                                                                                                                   
---------- ---------- --------- ---------- --------- ---------- ---------- ----------                                                                                                                   
      7369 SMITH      CLERK           7902 17-DEC-80        800                    20                                                                                                                   
      7499 ALLEN      SALESMAN        7698 20-FEB-81       1600        300         30                                                                                                                   
      7521 WARD       SALESMAN        7698 22-FEB-81       1250        500         30                                                                                                                   
      7654 MARTIN     SALESMAN        7698 28-SEP-81       1250       1400         30                                                                                                                   
      7788 SCOTT      ANALYST         7566 19-APR-87       3000                    20                                                                                                                   
      7844 TURNER     SALESMAN        7698 08-SEP-81       1500          0         30                                                                                                                   
      7876 ADAMS      CLERK           7788 23-MAY-87       1100                    20                                                                                                                   
      7900 JAMES      CLERK           7698 03-DEC-81        950                    30                                                                                                                   
      7902 FORD       ANALYST         7566 03-DEC-81       3000                    20                                                                                                                   

9 rows selected.

SQL> SELECT COUNT(*)
  2  FROM EMP
  3  WHERE ENAME NOT LIKE '%S';

  COUNT(*)                                                                                                                                                                                              
----------                                                                                                                                                                                              
        11                                                                                                                                                                                              

SQL> SELECT *
  2  FROM EMP
  3  WHERE JOB='CLERK' AND DEPTNO=30 AND SAL>2000;

no rows selected

SQL> SELECT *
  2  FROM EMP
  3  WHERE ENAME LIKE '_R%' AND
  4  JOB!='CLERK' AND HIREDATE  > '30-JUNE-1981';

no rows selected

SQL> SELECT *
  2  FROM EMP
  3  WHERE EMPNO IN (SELECT MGR
  4  FROM EMP
  5  GROUPBY MGR
  6  HAVING COUNT(*)>1);
GROUPBY MGR
        *
ERROR at line 5:
ORA-00907: missing right parenthesis 


SQL> EDIT
Wrote file afiedt.buf

  1  SELECT *
  2  FROM EMP
  3  WHERE EMPNO IN (SELECT MGR
  4  FROM EMP
  5  GROUP BY MGR
  6* HAVING COUNT(*)>1)
SQL> /

     EMPNO ENAME      JOB              MGR HIREDATE         SAL       COMM     DEPTNO                                                                                                                   
---------- ---------- --------- ---------- --------- ---------- ---------- ----------                                                                                                                   
      7839 KING       PRESIDENT            17-NOV-81       5000                    10                                                                                                                   
      7698 BLAKE      MANAGER         7839 01-MAY-81       2850                    30                                                                                                                   
      7566 JONES      MANAGER         7839 02-APR-81       2975                    20                                                                                                                   

SQL> SELECT DEPTNO
  2  FROM EMP
  3  WHERE DEPTNO IS NOT 10 AND DEPTNO IN (SELECT DEPTNO
  4  FROM DEPT
  5  WHERE LOC LIKE '%A');
WHERE DEPTNO IS NOT 10 AND DEPTNO IN (SELECT DEPTNO
                    *
ERROR at line 3:
ORA-00908: missing NULL keyword 


SQL> EDIT
Wrote file afiedt.buf

  1  SELECT DEPTNO
  2  FROM EMP
  3  WHERE DEPTNO != 10 AND DEPTNO IN (SELECT DEPTNO
  4  FROM DEPT
  5* WHERE LOC LIKE '%A')
SQL> /

no rows selected

SQL> SELECT MGR
  2  FROM EMP
  3  WHERE EMPNO IN (SELECT EMPNO
  4  FROM EMP
  5  WHERE DEPTNO IN (20,30) AND COMM IS NULL);

       MGR                                                                                                                                                                                              
----------                                                                                                                                                                                              
      7902                                                                                                                                                                                              
      7839                                                                                                                                                                                              
      7839                                                                                                                                                                                              
      7566                                                                                                                                                                                              
      7788                                                                                                                                                                                              
      7698                                                                                                                                                                                              
      7566                                                                                                                                                                                              

7 rows selected.

SQL> SELECT MGR
  2  FROM EMP
  3  WHERE DEPTNO IN (20,30) AND COMM IS NULL;

       MGR                                                                                                                                                                                              
----------                                                                                                                                                                                              
      7902                                                                                                                                                                                              
      7839                                                                                                                                                                                              
      7839                                                                                                                                                                                              
      7566                                                                                                                                                                                              
      7788                                                                                                                                                                                              
      7698                                                                                                                                                                                              
      7566                                                                                                                                                                                              

7 rows selected.

SQL> SELECT ENAME
  2  FROM EMP
  3  WHERE ENAME LIKE '%AR%'
  4  AND COMM IS NOT NULL;

ENAME                                                                                                                                                                                                   
----------                                                                                                                                                                                              
WARD                                                                                                                                                                                                    
MARTIN                                                                                                                                                                                                  

SQL> SELECT *
  2  FROM EMP
  3  WHERE SAL=(SELECT SAL
  4  FROM EMP
  5  );
WHERE SAL=(SELECT SAL
           *
ERROR at line 3:
ORA-01427: single-row subquery returns more than one row 


SQL> EDIT
Wrote file afiedt.buf

  1  SELECT *
  2  FROM EMP
  3  WHERE SAL IN (SELECT SAL
  4  FROM EMP
  5* )
SQL> /

     EMPNO ENAME      JOB              MGR HIREDATE         SAL       COMM     DEPTNO                                                                                                                   
---------- ---------- --------- ---------- --------- ---------- ---------- ----------                                                                                                                   
      7369 SMITH      CLERK           7902 17-DEC-80        800                    20                                                                                                                   
      7499 ALLEN      SALESMAN        7698 20-FEB-81       1600        300         30                                                                                                                   
      7654 MARTIN     SALESMAN        7698 28-SEP-81       1250       1400         30                                                                                                                   
      7521 WARD       SALESMAN        7698 22-FEB-81       1250        500         30                                                                                                                   
      7566 JONES      MANAGER         7839 02-APR-81       2975                    20                                                                                                                   
      7698 BLAKE      MANAGER         7839 01-MAY-81       2850                    30                                                                                                                   
      7782 CLARK      MANAGER         7839 09-JUN-81       2450                    10                                                                                                                   
      7902 FORD       ANALYST         7566 03-DEC-81       3000                    20                                                                                                                   
      7788 SCOTT      ANALYST         7566 19-APR-87       3000                    20                                                                                                                   
      7839 KING       PRESIDENT            17-NOV-81       5000                    10                                                                                                                   
      7844 TURNER     SALESMAN        7698 08-SEP-81       1500          0         30                                                                                                                   
      7876 ADAMS      CLERK           7788 23-MAY-87       1100                    20                                                                                                                   
      7900 JAMES      CLERK           7698 03-DEC-81        950                    30                                                                                                                   
      7934 MILLER     CLERK           7782 23-JAN-82       1300                    10                                                                                                                   

14 rows selected.

SQL> EDIT
Wrote file afiedt.buf

  1  SELECT *
  2  FROM EMP
  3  WHERE SAL IN (SELECT SAL
  4  FROM EMP
  5  GROUP BY SAL
  6  HAVING COUNT(*)>1);
  7* )
  8  /
HAVING COUNT(*)>1);
                  *
ERROR at line 6:
ORA-00911: invalid character 


SQL> EDIT
Wrote file afiedt.buf

  1  SELECT *
  2  FROM EMP
  3  WHERE SAL IN (SELECT SAL
  4  FROM EMP
  5  GROUP BY SAL
  6* HAVING COUNT(*)>1)
  7  /

     EMPNO ENAME      JOB              MGR HIREDATE         SAL       COMM     DEPTNO                                                                                                                   
---------- ---------- --------- ---------- --------- ---------- ---------- ----------                                                                                                                   
      7654 MARTIN     SALESMAN        7698 28-SEP-81       1250       1400         30                                                                                                                   
      7521 WARD       SALESMAN        7698 22-FEB-81       1250        500         30                                                                                                                   
      7902 FORD       ANALYST         7566 03-DEC-81       3000                    20                                                                                                                   
      7788 SCOTT      ANALYST         7566 19-APR-87       3000                    20                                                                                                                   

SQL> SELECT *
  2  FROM EMP
  3  WHERE (SAL NOT BETWEEN 1000 AND 5000)
  4  AND HIREDATE='31-DEC-1980';

no rows selected

SQL> EDIT
Wrote file afiedt.buf

  1  SELECT *
  2  FROM EMP
  3  WHERE (SAL NOT BETWEEN 1000 AND 5000)
  4* AND HIREDATE<='31-DEC-1980'
SQL> /

     EMPNO ENAME      JOB              MGR HIREDATE         SAL       COMM     DEPTNO                                                                                                                   
---------- ---------- --------- ---------- --------- ---------- ---------- ----------                                                                                                                   
      7369 SMITH      CLERK           7902 17-DEC-80        800                    20                                                                                                                   

SQL> SELECT DNAME, LOC
  2  FROM DEPT
  3  WHERE LOC LIKE '%ON%'
  4  OR DNAME LIKE '%ON%';

DNAME          LOC                                                                                                                                                                                      
-------------- -------------                                                                                                                                                                            
OPERATIONS     BOSTON                                                                                                                                                                                   

SQL> SELECT *
  2  FROM EMP
  3  WHERE (HIREDATE BETWEEN '01-JAN-1981' AND '01-DEC-1981') AND MGR NOT NULL;
WHERE (HIREDATE BETWEEN '01-JAN-1981' AND '01-DEC-1981') AND MGR NOT NULL
                                                                     *
ERROR at line 3:
ORA-00920: invalid relational operator 


SQL> EDIT
Wrote file afiedt.buf

  1  SELECT *
  2  FROM EMP
  3* WHERE (HIREDATE BETWEEN '01-JAN-1981' AND '01-DEC-1981') AND MGR IS NULL
SQL> /

     EMPNO ENAME      JOB              MGR HIREDATE         SAL       COMM     DEPTNO                                                                                                                   
---------- ---------- --------- ---------- --------- ---------- ---------- ----------                                                                                                                   
      7839 KING       PRESIDENT            17-NOV-81       5000                    10                                                                                                                   

SQL> SELECT *
  2  FROM EMP
  3  WHERE SAL<1000 AND ENAME LIKE 'S%H' AND DEPTNO=20;

     EMPNO ENAME      JOB              MGR HIREDATE         SAL       COMM     DEPTNO                                                                                                                   
---------- ---------- --------- ---------- --------- ---------- ---------- ----------                                                                                                                   
      7369 SMITH      CLERK           7902 17-DEC-80        800                    20                                                                                                                   

SQL> SELECT *
  2  FROM EMP
  3  WHERE HIREDATE>'17-DEC-1980' AND SAL>2000 AND JOB='ANALYST' AND ENAME LIKE 'S%T';

     EMPNO ENAME      JOB              MGR HIREDATE         SAL       COMM     DEPTNO                                                                                                                   
---------- ---------- --------- ---------- --------- ---------- ---------- ----------                                                                                                                   
      7788 SCOTT      ANALYST         7566 19-APR-87       3000                    20                                                                                                                   

SQL> SELECT *
  2  FROM EMP
  3  WHERE JOB IN (SALESMAN,ANALYST,PRESIDENT,MANAGER) AND SAL>1000 AND COMM NOT NULL;
WHERE JOB IN (SALESMAN,ANALYST,PRESIDENT,MANAGER) AND SAL>1000 AND COMM NOT NULL
                                                                            *
ERROR at line 3:
ORA-00920: invalid relational operator 


SQL> EDIT
Wrote file afiedt.buf

  1  SELECT *
  2  FROM EMP
  3* WHERE JOB IN (SALESMAN,ANALYST,PRESIDENT,MANAGER) AND SAL>1000 AND COMM IS NOT NULL
SQL> /
WHERE JOB IN (SALESMAN,ANALYST,PRESIDENT,MANAGER) AND SAL>1000 AND COMM IS NOT NULL
                                         *
ERROR at line 3:
ORA-00904: "MANAGER": invalid identifier 


SQL> EDIT
Wrote file afiedt.buf

  1  SELECT *
  2  FROM EMP
  3* WHERE JOB IN (SALESMAN,ANALYST,PRESIDENT,MANAGER) AND SAL>1000 AND COMM IS NOT NULL
SQL> /
WHERE JOB IN (SALESMAN,ANALYST,PRESIDENT,MANAGER) AND SAL>1000 AND COMM IS NOT NULL
                                         *
ERROR at line 3:
ORA-00904: "MANAGER": invalid identifier 


SQL> EDIT
Wrote file afiedt.buf

  1  SELECT *
  2  FROM EMP
  3* WHERE JOB IN (SALESMAN,ANALYST,PRESIDENT, MANAGER) AND SAL>1000 AND COMM IS NOT NULL
SQL> /
WHERE JOB IN (SALESMAN,ANALYST,PRESIDENT, MANAGER) AND SAL>1000 AND COMM IS NOT NULL
                                          *
ERROR at line 3:
ORA-00904: "MANAGER": invalid identifier 


SQL> EDIT
Wrote file afiedt.buf

  1  SELECT *
  2  FROM EMP
  3* WHERE JOB IN (SALESMAN,ANALYST,PRESIDENT) AND SAL>1000 AND COMM IS NOT NULL
SQL> /
WHERE JOB IN (SALESMAN,ANALYST,PRESIDENT) AND SAL>1000 AND COMM IS NOT NULL
                               *
ERROR at line 3:
ORA-00904: "PRESIDENT": invalid identifier 


SQL> EDIT
Wrote file afiedt.buf

  1  SELECT *
  2  FROM EMP
  3* WHERE JOB IN ('SALESMAN','ANALYST','PRESIDENT','MANAGER') AND SAL>1000 AND COMM IS NOT NULL
SQL> /

     EMPNO ENAME      JOB              MGR HIREDATE         SAL       COMM     DEPTNO                                                                                                                   
---------- ---------- --------- ---------- --------- ---------- ---------- ----------                                                                                                                   
      7499 ALLEN      SALESMAN        7698 20-FEB-81       1600        300         30                                                                                                                   
      7521 WARD       SALESMAN        7698 22-FEB-81       1250        500         30                                                                                                                   
      7654 MARTIN     SALESMAN        7698 28-SEP-81       1250       1400         30                                                                                                                   
      7844 TURNER     SALESMAN        7698 08-SEP-81       1500          0         30                                                                                                                   

SQL> SELECT *
  2  FROM EMP
  3  WHERE JOB NOT IN ('ANALYST','MANAGER') AND DEPTNO NOT IN (20,30) AND SAL BETWEEN 1000 AND 2000;

     EMPNO ENAME      JOB              MGR HIREDATE         SAL       COMM     DEPTNO                                                                                                                   
---------- ---------- --------- ---------- --------- ---------- ---------- ----------                                                                                                                   
      7934 MILLER     CLERK           7782 23-JAN-82       1300                    10                                                                                                                   

SQL> SELECT *
  2  FROM EMP
  3  WHERE DEPTNO IN (20,30) AND JOB IN ('SALESMAN','ANALYST') AND SAL BETWEEN 1000 AND 2000;

     EMPNO ENAME      JOB              MGR HIREDATE         SAL       COMM     DEPTNO                                                                                                                   
---------- ---------- --------- ---------- --------- ---------- ---------- ----------                                                                                                                   
      7499 ALLEN      SALESMAN        7698 20-FEB-81       1600        300         30                                                                                                                   
      7521 WARD       SALESMAN        7698 22-FEB-81       1250        500         30                                                                                                                   
      7654 MARTIN     SALESMAN        7698 28-SEP-81       1250       1400         30                                                                                                                   
      7844 TURNER     SALESMAN        7698 08-SEP-81       1500          0         30                                                                                                                   

SQL> SELECT *
  2  FROM EMP
  3  WHERE DEPTNO=10 AND JOB!='CLERK' AND SAL NOT BETWEEN 2000 AND 3000;

     EMPNO ENAME      JOB              MGR HIREDATE         SAL       COMM     DEPTNO                                                                                                                   
---------- ---------- --------- ---------- --------- ---------- ---------- ----------                                                                                                                   
      7839 KING       PRESIDENT            17-NOV-81       5000                    10                                                                                                                   

SQL> SELECT *
  2  FROM EMP
  3  WHERE (SAL*12)/4 LIKE '%5';

     EMPNO ENAME      JOB              MGR HIREDATE         SAL       COMM     DEPTNO                                                                                                                   
---------- ---------- --------- ---------- --------- ---------- ---------- ----------                                                                                                                   
      7566 JONES      MANAGER         7839 02-APR-81       2975                    20                                                                                                                   

SQL> SELECT *
  2  FROM EMP
  3  
SQL> SELECT *
  2  FROM DEPT
  3  WHERE DEPT='ACCOUNTING' AND LOC='BOSTON';
WHERE DEPT='ACCOUNTING' AND LOC='BOSTON'
      *
ERROR at line 3:
ORA-00904: "DEPT": invalid identifier 


SQL> EDIT
Wrote file afiedt.buf

  1  SELECT *
  2  FROM DEPT
  3* WHERE DNAME='ACCOUNTING' AND LOC='BOSTON'
SQL> /

no rows selected

SQL> SELECT *
  2  FROM EMP
  3  WHERE ENAME LIKE 'W%' OR ENAME LIKE 'M%';

     EMPNO ENAME      JOB              MGR HIREDATE         SAL       COMM     DEPTNO                                                                                                                   
---------- ---------- --------- ---------- --------- ---------- ---------- ----------                                                                                                                   
      7521 WARD       SALESMAN        7698 22-FEB-81       1250        500         30                                                                                                                   
      7654 MARTIN     SALESMAN        7698 28-SEP-81       1250       1400         30                                                                                                                   
      7934 MILLER     CLERK           7782 23-JAN-82       1300                    10                                                                                                                   

SQL> SELECT *
  2  FROM EMP
  3  WHERE EMPNO LIKE '%4' OR EMPNO LIKE '%7';

     EMPNO ENAME      JOB              MGR HIREDATE         SAL       COMM     DEPTNO                                                                                                                   
---------- ---------- --------- ---------- --------- ---------- ---------- ----------                                                                                                                   
      7654 MARTIN     SALESMAN        7698 28-SEP-81       1250       1400         30                                                                                                                   
      7844 TURNER     SALESMAN        7698 08-SEP-81       1500          0         30                                                                                                                   
      7934 MILLER     CLERK           7782 23-JAN-82       1300                    10                                                                                                                   

SQL> SELECT *
  2  FROM EMP
  3  WHERE EMPNO IN (SELECT MGR
  4  FROM EMP
  5  WHERE JOB IN ('MANAGER','KING'));

     EMPNO ENAME      JOB              MGR HIREDATE         SAL       COMM     DEPTNO                                                                                                                   
---------- ---------- --------- ---------- --------- ---------- ---------- ----------                                                                                                                   
      7839 KING       PRESIDENT            17-NOV-81       5000                    10                                                                                                                   

SQL> EDIT
Wrote file afiedt.buf

  1  SELECT *
  2  FROM EMP
  3  WHERE EMPNO IN (SELECT MGR
  4  FROM EMP
  5* WHERE JOB IN ('BLAKE','KING'))
SQL> /

no rows selected

SQL> SELECT *
  2  FROM EMP
  3  WHERE HIREDATE<'31-DEC-1981' AND SAL>2000;

     EMPNO ENAME      JOB              MGR HIREDATE         SAL       COMM     DEPTNO                                                                                                                   
---------- ---------- --------- ---------- --------- ---------- ---------- ----------                                                                                                                   
      7566 JONES      MANAGER         7839 02-APR-81       2975                    20                                                                                                                   
      7698 BLAKE      MANAGER         7839 01-MAY-81       2850                    30                                                                                                                   
      7782 CLARK      MANAGER         7839 09-JUN-81       2450                    10                                                                                                                   
      7839 KING       PRESIDENT            17-NOV-81       5000                    10                                                                                                                   
      7902 FORD       ANALYST         7566 03-DEC-81       3000                    20                                                                                                                   

SQL> SELECT *
  2  FROM EMP
  3  WHERE ENAME LIKE 'A%A';

no rows selected

SQL> EDIT
Wrote file afiedt.buf

  1  SELECT *
  2  FROM EMP
  3* WHERE ENAME LIKE 'A%A%'
SQL> /

     EMPNO ENAME      JOB              MGR HIREDATE         SAL       COMM     DEPTNO                                                                                                                   
---------- ---------- --------- ---------- --------- ---------- ---------- ----------                                                                                                                   
      7876 ADAMS      CLERK           7788 23-MAY-87       1100                    20                                                                                                                   

SQL> SELECT *
  2  FROM EMP
  3  WHERE EMPNO IN (SELECT MGR
  4  FROM EMP
  5  WHERE JOB='KING' AND SAL>1500);

no rows selected

SQL> SELECT *
  2  FROM EMP
  3  WHERE DEPTNO=10 AND SAL<1000;

no rows selected

SQL> SELECT *
  2  FROM EMP
  3  WHERE COMM IS NOT NULL AND JOB NOT IN ('MANAGER','CLERK');

     EMPNO ENAME      JOB              MGR HIREDATE         SAL       COMM     DEPTNO                                                                                                                   
---------- ---------- --------- ---------- --------- ---------- ---------- ----------                                                                                                                   
      7499 ALLEN      SALESMAN        7698 20-FEB-81       1600        300         30                                                                                                                   
      7521 WARD       SALESMAN        7698 22-FEB-81       1250        500         30                                                                                                                   
      7654 MARTIN     SALESMAN        7698 28-SEP-81       1250       1400         30                                                                                                                   
      7844 TURNER     SALESMAN        7698 08-SEP-81       1500          0         30                                                                                                                   

SQL> SELECT *
  2  FROM EMP
  3  WHERE ENAME LIKE '%LL%';

     EMPNO ENAME      JOB              MGR HIREDATE         SAL       COMM     DEPTNO                                                                                                                   
---------- ---------- --------- ---------- --------- ---------- ---------- ----------                                                                                                                   
      7499 ALLEN      SALESMAN        7698 20-FEB-81       1600        300         30                                                                                                                   
      7934 MILLER     CLERK           7782 23-JAN-82       1300                    10                                                                                                                   

SQL> SELECT *
  2  FROM EMP
  3  WHERE DEPTNO IN (10,20) AND SAL NOT BETWEEN 2000 AND 5000;

     EMPNO ENAME      JOB              MGR HIREDATE         SAL       COMM     DEPTNO                                                                                                                   
---------- ---------- --------- ---------- --------- ---------- ---------- ----------                                                                                                                   
      7369 SMITH      CLERK           7902 17-DEC-80        800                    20                                                                                                                   
      7876 ADAMS      CLERK           7788 23-MAY-87       1100                    20                                                                                                                   
      7934 MILLER     CLERK           7782 23-JAN-82       1300                    10                                                                                                                   

SQL> SELECT *
  2  FROM EMP
  3  WHERE JOB NOT IN ('CLERK','SALESMAN') AND DEPTNO=10;

     EMPNO ENAME      JOB              MGR HIREDATE         SAL       COMM     DEPTNO                                                                                                                   
---------- ---------- --------- ---------- --------- ---------- ---------- ----------                                                                                                                   
      7782 CLARK      MANAGER         7839 09-JUN-81       2450                    10                                                                                                                   
      7839 KING       PRESIDENT            17-NOV-81       5000                    10                                                                                                                   

SQL> SELECT *
  2  FROM EMP
  3  WHERE ENAME LIKE '%II%';

no rows selected

SQL> SELECT *
  2  FROM EMP
  3  WHERE JOB!='CLERK' AND SAL>1000;

     EMPNO ENAME      JOB              MGR HIREDATE         SAL       COMM     DEPTNO                                                                                                                   
---------- ---------- --------- ---------- --------- ---------- ---------- ----------                                                                                                                   
      7499 ALLEN      SALESMAN        7698 20-FEB-81       1600        300         30                                                                                                                   
      7521 WARD       SALESMAN        7698 22-FEB-81       1250        500         30                                                                                                                   
      7566 JONES      MANAGER         7839 02-APR-81       2975                    20                                                                                                                   
      7654 MARTIN     SALESMAN        7698 28-SEP-81       1250       1400         30                                                                                                                   
      7698 BLAKE      MANAGER         7839 01-MAY-81       2850                    30                                                                                                                   
      7782 CLARK      MANAGER         7839 09-JUN-81       2450                    10                                                                                                                   
      7788 SCOTT      ANALYST         7566 19-APR-87       3000                    20                                                                                                                   
      7839 KING       PRESIDENT            17-NOV-81       5000                    10                                                                                                                   
      7844 TURNER     SALESMAN        7698 08-SEP-81       1500          0         30                                                                                                                   
      7902 FORD       ANALYST         7566 03-DEC-81       3000                    20                                                                                                                   

10 rows selected.

SQL> SELECT LOC
  2  FROM DEPT
  3  
SQL> 
SQL> 
SQL> 
SQL> 
SQL> 
SQL> 
SQL> 
SQL> 
SQL> 
SQL> SELECT LOC\
  2  FROM DEPT
  3  WHERE DEPTNO IN (SELECT DEPTNO
  4  FROM EMP
  5  WHERE ENAME LIKE '%O%' AND DEPTNO IN (20,30));
SELECT LOC\
          *
ERROR at line 1:
ORA-00911: invalid character 


SQL> EDIT
Wrote file afiedt.buf

  1  SELECT LOC
  2  FROM DEPT
  3  WHERE DEPTNO IN (SELECT DEPTNO
  4  FROM EMP
  5* WHERE ENAME LIKE '%O%' AND DEPTNO IN (20,30))
SQL> /

LOC                                                                                                                                                                                                     
-------------                                                                                                                                                                                           
DALLAS                                                                                                                                                                                                  

SQL> SELECT *
  2  FROM EMP
  3  WHERE EMPNO LIKE '%9';

     EMPNO ENAME      JOB              MGR HIREDATE         SAL       COMM     DEPTNO                                                                                                                   
---------- ---------- --------- ---------- --------- ---------- ---------- ----------                                                                                                                   
      7369 SMITH      CLERK           7902 17-DEC-80        800                    20                                                                                                                   
      7499 ALLEN      SALESMAN        7698 20-FEB-81       1600        300         30                                                                                                                   
      7839 KING       PRESIDENT            17-NOV-81       5000                    10                                                                                                                   

SQL> SELECT *
  2  FROM EMP
  3  WHERE SAL=>10000;
WHERE SAL=>10000
          *
ERROR at line 3:
ORA-00936: missing expression 


SQL> EDIT
Wrote file afiedt.buf

  1  SELECT *
  2  FROM EMP
  3* WHERE SAL=10000 OR SAL>10000;
  4  /
WHERE SAL=10000 OR SAL>10000;
                            *
ERROR at line 3:
ORA-00911: invalid character 


SQL> EDIT
Wrote file afiedt.buf

  1  SELECT *
  2  FROM EMP
  3* WHERE (SAL*12)=10000 OR (SAL*12)>10000;
SQL> /
WHERE (SAL*12)=10000 OR (SAL*12)>10000;
                                      *
ERROR at line 3:
ORA-00920: invalid relational operator 


SQL> EDIT
Wrote file afiedt.buf

  1  SELECT *
  2  FROM EMP
  3* WHERE (SAL*12)>=10000;
SQL> /
WHERE (SAL*12)>=10000;
                     *
ERROR at line 3:
ORA-00920: invalid relational operator 


SQL> EDIT
Wrote file afiedt.buf

  1  SELECT *
  2  FROM EMP
  3* WHERE (SAL*12) >= 10000;
SQL> /
WHERE (SAL*12) >= 10000;
                       *
ERROR at line 3:
ORA-00920: invalid relational operator 


SQL> SELECT ENAME
  2  FROM EMP
  3  WHERE ENAME LIKE '%TT%';

ENAME                                                                                                                                                                                                   
----------                                                                                                                                                                                              
SCOTT                                                                                                                                                                                                   

SQL> SELECT ENAME,JOB,DEPTNO
  2  FROM EMP
  3  WHERE MGR IS NOT NULL;

ENAME      JOB           DEPTNO                                                                                                                                                                         
---------- --------- ----------                                                                                                                                                                         
SMITH      CLERK             20                                                                                                                                                                         
ALLEN      SALESMAN          30                                                                                                                                                                         
WARD       SALESMAN          30                                                                                                                                                                         
JONES      MANAGER           20                                                                                                                                                                         
MARTIN     SALESMAN          30                                                                                                                                                                         
BLAKE      MANAGER           30                                                                                                                                                                         
CLARK      MANAGER           10                                                                                                                                                                         
SCOTT      ANALYST           20                                                                                                                                                                         
TURNER     SALESMAN          30                                                                                                                                                                         
ADAMS      CLERK             20                                                                                                                                                                         
JAMES      CLERK             30                                                                                                                                                                         
FORD       ANALYST           20                                                                                                                                                                         
MILLER     CLERK             10                                                                                                                                                                         

13 rows selected.

SQL> SELECT *
  2  FROM EMP
  3  WHERE SAL<1000 AND DEPTNO IN (10,30);

     EMPNO ENAME      JOB              MGR HIREDATE         SAL       COMM     DEPTNO                                                                                                                   
---------- ---------- --------- ---------- --------- ---------- ---------- ----------                                                                                                                   
      7900 JAMES      CLERK           7698 03-DEC-81        950                    30                                                                                                                   

SQL> SELECT *
  2  FROM EMP
  3  WHERE DEPTNO IN (10,20) AND JOB != 'MANAGER' AND SAL NOT BETWEEN 1000 AND 2000;

     EMPNO ENAME      JOB              MGR HIREDATE         SAL       COMM     DEPTNO                                                                                                                   
---------- ---------- --------- ---------- --------- ---------- ---------- ----------                                                                                                                   
      7369 SMITH      CLERK           7902 17-DEC-80        800                    20                                                                                                                   
      7788 SCOTT      ANALYST         7566 19-APR-87       3000                    20                                                                                                                   
      7839 KING       PRESIDENT            17-NOV-81       5000                    10                                                                                                                   
      7902 FORD       ANALYST         7566 03-DEC-81       3000                    20                                                                                                                   

SQL> SELECT *
  2  FROM EMP
  3  WHERE DEPTNO IN (20,30) JOB NOT IN ('CLERK','SALESMAN') AND SAL BETWEEN 1000 AND 1500;
WHERE DEPTNO IN (20,30) JOB NOT IN ('CLERK','SALESMAN') AND SAL BETWEEN 1000 AND 1500
                        *
ERROR at line 3:
ORA-00933: SQL command not properly ended 


SQL> EDIT
Wrote file afiedt.buf

  1  SELECT *
  2  FROM EMP
  3* WHERE DEPTNO IN (20,30) AND JOB NOT IN ('CLERK','SALESMAN') AND SAL BETWEEN 1000 AND 1500
SQL> /

no rows selected

SQL> SELECT DNAME
  2  FROM DEPT
  3  WHERE LOC LIKE '%A%' AND DNAME LIKE '%A%';

DNAME                                                                                                                                                                                                   
--------------                                                                                                                                                                                          
RESEARCH                                                                                                                                                                                                
SALES                                                                                                                                                                                                   

SQL> SELECT *
  2  FROM EMP
  3  WHERE JOB='MANAGER' AND ENAME LIKE '%A';

no rows selected

SQL> EDIT
Wrote file afiedt.buf

  1  SELECT *
  2  FROM EMP
  3* WHERE JOB='MANAGER' AND ENAME LIKE '%S'
SQL> /

     EMPNO ENAME      JOB              MGR HIREDATE         SAL       COMM     DEPTNO                                                                                                                   
---------- ---------- --------- ---------- --------- ---------- ---------- ----------                                                                                                                   
      7566 JONES      MANAGER         7839 02-APR-81       2975                    20                                                                                                                   

SQL> SELECT *
  2  FROM EMP
  3  WHERE HIREDATE>'02-FEB-1980' AND JOB!='SALESMAN';

     EMPNO ENAME      JOB              MGR HIREDATE         SAL       COMM     DEPTNO                                                                                                                   
---------- ---------- --------- ---------- --------- ---------- ---------- ----------                                                                                                                   
      7369 SMITH      CLERK           7902 17-DEC-80        800                    20                                                                                                                   
      7566 JONES      MANAGER         7839 02-APR-81       2975                    20                                                                                                                   
      7698 BLAKE      MANAGER         7839 01-MAY-81       2850                    30                                                                                                                   
      7782 CLARK      MANAGER         7839 09-JUN-81       2450                    10                                                                                                                   
      7788 SCOTT      ANALYST         7566 19-APR-87       3000                    20                                                                                                                   
      7839 KING       PRESIDENT            17-NOV-81       5000                    10                                                                                                                   
      7876 ADAMS      CLERK           7788 23-MAY-87       1100                    20                                                                                                                   
      7900 JAMES      CLERK           7698 03-DEC-81        950                    30                                                                                                                   
      7902 FORD       ANALYST         7566 03-DEC-81       3000                    20                                                                                                                   
      7934 MILLER     CLERK           7782 23-JAN-82       1300                    10                                                                                                                   

10 rows selected.

SQL> SELECT *
  2  FROM EMP
  3  WHERE DEPTNO NOT IN (10,20,30);

no rows selected

SQL> SELECT ENAME
  2  FROM EMP
  3  WHERE JOB='MANAGER' AND SAL LIKE '%1';

no rows selected

SQL> SELECT *
  2  FROM EMP
  3  WHERE JOB ='SALESMAN' AND DEPTNO=20 AND SAL NOT BETWEEN 500 AND 1000;

no rows selected

SQL> SELECT *
  2  FROM EMP
  3  WHERE JOB IN ('CLERK','MANAGER') AND COMM NOT NULL;
WHERE JOB IN ('CLERK','MANAGER') AND COMM NOT NULL
                                              *
ERROR at line 3:
ORA-00920: invalid relational operator 


SQL> EDIT
Wrote file afiedt.buf

  1  SELECT *
  2  FROM EMP
  3* WHERE JOB IN ('CLERK','MANAGER') AND COMM IS NOT NULL
SQL> /

no rows selected

SQL> SELECT *
  2  FROM EMP
  3  WHERE JOB='SALESMAN' AND DEPTNO=10 AND SAL>2500;

no rows selected

SQL> SELECT *
  2  FROM EMO
  3  WHERE ENAME LIKE 'K%' AND ENAME LIKE 'P%';
FROM EMO
     *
ERROR at line 2:
ORA-00942: table or view does not exist 


SQL> EDIT
Wrote file afiedt.buf

  1  SELECT *
  2  FROM EMP
  3* WHERE ENAME LIKE 'K%' AND ENAME LIKE 'P%'
SQL> /

no rows selected

SQL> SELECT *
  2  FROM EMP
  3  WHERE ENAME LIKE '%R%';

     EMPNO ENAME      JOB              MGR HIREDATE         SAL       COMM     DEPTNO                                                                                                                   
---------- ---------- --------- ---------- --------- ---------- ---------- ----------                                                                                                                   
      7521 WARD       SALESMAN        7698 22-FEB-81       1250        500         30                                                                                                                   
      7654 MARTIN     SALESMAN        7698 28-SEP-81       1250       1400         30                                                                                                                   
      7782 CLARK      MANAGER         7839 09-JUN-81       2450                    10                                                                                                                   
      7844 TURNER     SALESMAN        7698 08-SEP-81       1500          0         30                                                                                                                   
      7902 FORD       ANALYST         7566 03-DEC-81       3000                    20                                                                                                                   
      7934 MILLER     CLERK           7782 23-JAN-82       1300                    10                                                                                                                   

6 rows selected.

SQL> SELECT *
  2  FROM EMP
  3  WHERE ENAME LIKE 'M%' AND ENAME LIKE 'K%' AND ENAME LIKE 'N%';

no rows selected

SQL> EDIT
Wrote file afiedt.buf

  1  SELECT *
  2  FROM EMP
  3* WHERE ENAME LIKE 'M%' OR ENAME LIKE 'K%' OR ENAME LIKE 'N%'
SQL> /

     EMPNO ENAME      JOB              MGR HIREDATE         SAL       COMM     DEPTNO                                                                                                                   
---------- ---------- --------- ---------- --------- ---------- ---------- ----------                                                                                                                   
      7654 MARTIN     SALESMAN        7698 28-SEP-81       1250       1400         30                                                                                                                   
      7839 KING       PRESIDENT            17-NOV-81       5000                    10                                                                                                                   
      7934 MILLER     CLERK           7782 23-JAN-82       1300                    10                                                                                                                   

SQL> SELECT *
  2  FROM EMP
  3  WHERE JOB='SALESMAN' AND ENAME LIKE '%R' AND LENGTH(SAL)=4;

     EMPNO ENAME      JOB              MGR HIREDATE         SAL       COMM     DEPTNO                                                                                                                   
---------- ---------- --------- ---------- --------- ---------- ---------- ----------                                                                                                                   
      7844 TURNER     SALESMAN        7698 08-SEP-81       1500          0         30                                                                                                                   

SQL> SELECT *
  2  FROM EMP
  3  WHERE JOB LIKE "%LES%";
WHERE JOB LIKE "%LES%"
               *
ERROR at line 3:
ORA-00904: "%LES%": invalid identifier 


SQL> EDIT
Wrote file afiedt.buf

  1  SELECT *
  2  FROM EMP
  3* WHERE JOB LIKE '%LES%'
SQL> /

     EMPNO ENAME      JOB              MGR HIREDATE         SAL       COMM     DEPTNO                                                                                                                   
---------- ---------- --------- ---------- --------- ---------- ---------- ----------                                                                                                                   
      7499 ALLEN      SALESMAN        7698 20-FEB-81       1600        300         30                                                                                                                   
      7521 WARD       SALESMAN        7698 22-FEB-81       1250        500         30                                                                                                                   
      7654 MARTIN     SALESMAN        7698 28-SEP-81       1250       1400         30                                                                                                                   
      7844 TURNER     SALESMAN        7698 08-SEP-81       1500          0         30                                                                                                                   

SQL> SELECT *
  2  FROM EMP
  3  WHERE SUBSTR(ENAME,4,1)='L' AND SAL<2000;

     EMPNO ENAME      JOB              MGR HIREDATE         SAL       COMM     DEPTNO                                                                                                                   
---------- ---------- --------- ---------- --------- ---------- ---------- ----------                                                                                                                   
      7934 MILLER     CLERK           7782 23-JAN-82       1300                    10                                                                                                                   

SQL> SELECT *
  2  FROM EMP
  3  WHERE ENAME NOT LIKE '%S%';

     EMPNO ENAME      JOB              MGR HIREDATE         SAL       COMM     DEPTNO                                                                                                                   
---------- ---------- --------- ---------- --------- ---------- ---------- ----------                                                                                                                   
      7499 ALLEN      SALESMAN        7698 20-FEB-81       1600        300         30                                                                                                                   
      7521 WARD       SALESMAN        7698 22-FEB-81       1250        500         30                                                                                                                   
      7654 MARTIN     SALESMAN        7698 28-SEP-81       1250       1400         30                                                                                                                   
      7698 BLAKE      MANAGER         7839 01-MAY-81       2850                    30                                                                                                                   
      7782 CLARK      MANAGER         7839 09-JUN-81       2450                    10                                                                                                                   
      7839 KING       PRESIDENT            17-NOV-81       5000                    10                                                                                                                   
      7844 TURNER     SALESMAN        7698 08-SEP-81       1500          0         30                                                                                                                   
      7902 FORD       ANALYST         7566 03-DEC-81       3000                    20                                                                                                                   
      7934 MILLER     CLERK           7782 23-JAN-82       1300                    10                                                                                                                   

9 rows selected.

SQL> SPOOL OFF;
