SQL> -- WAQTD DETAILS OF ALL THE EMPLOYEES?
SQL> SELECT *
  2  FROM EMP;

     EMPNO ENAME      JOB              MGR HIREDATE         SAL       COMM     DEPTNO                                                                                                                   
---------- ---------- --------- ---------- --------- ---------- ---------- ----------                                                                                                                   
      7369 SMITH      CLERK           7902 17-DEC-80        800                    20                                                                                                                   
      7499 ALLEN      SALESMAN        7698 20-FEB-81       1600        300         30                                                                                                                   
      7521 WARD       SALESMAN        7698 22-FEB-81       1250        500         30                                                                                                                   
      7566 JONES      MANAGER         7839 02-APR-81       2975                    20                                                                                                                   
      7654 MARTIN     SALESMAN        7698 28-SEP-81       1250       1400         30                                                                                                                   
      7698 BLAKE      MANAGER         7839 01-MAY-81       2850                    30                                                                                                                   
      7782 CLARK      MANAGER         7839 09-JUN-81       2450                    10                                                                                                                   
      7788 SCOTT      ANALYST         7566 19-APR-87       3000                    20                                                                                                                   
      7839 KING       PRESIDENT            17-NOV-81       5000                    10                                                                                                                   
      7844 TURNER     SALESMAN        7698 08-SEP-81       1500          0         30                                                                                                                   
      7876 ADAMS      CLERK           7788 23-MAY-87       1100                    20                                                                                                                   
      7900 JAMES      CLERK           7698 03-DEC-81        950                    30                                                                                                                   
      7902 FORD       ANALYST         7566 03-DEC-81       3000                    20                                                                                                                   
      7934 MILLER     CLERK           7782 23-JAN-82       1300                    10                                                                                                                   

14 rows selected.

SQL> --WAQTD EMPLOYEE ID , EMP NAME, JOB, SAL OF AN EMPLOYEE?
SQL> SELECT EMPNO, ENAME, JOB, SAL
  2  FROM EMP;

     EMPNO ENAME      JOB              SAL                                                                                                                                                              
---------- ---------- --------- ----------                                                                                                                                                              
      7369 SMITH      CLERK            800                                                                                                                                                              
      7499 ALLEN      SALESMAN        1600                                                                                                                                                              
      7521 WARD       SALESMAN        1250                                                                                                                                                              
      7566 JONES      MANAGER         2975                                                                                                                                                              
      7654 MARTIN     SALESMAN        1250                                                                                                                                                              
      7698 BLAKE      MANAGER         2850                                                                                                                                                              
      7782 CLARK      MANAGER         2450                                                                                                                                                              
      7788 SCOTT      ANALYST         3000                                                                                                                                                              
      7839 KING       PRESIDENT       5000                                                                                                                                                              
      7844 TURNER     SALESMAN        1500                                                                                                                                                              
      7876 ADAMS      CLERK           1100                                                                                                                                                              
      7900 JAMES      CLERK            950                                                                                                                                                              
      7902 FORD       ANALYST         3000                                                                                                                                                              
      7934 MILLER     CLERK           1300                                                                                                                                                              

14 rows selected.

SQL> SHOW USWE
SP2-0158: unknown SHOW option "USWE"
SQL> SHOW USER
USER is "SCOTT"
SQL> CONN SYSTEM
Connected.
SQL> CREATE USER
  2  MANAV
  3  CL SCR
  4  CLEAR SCREEN
  5  
SQL> 
SQL> CREATE USER MANAV INDENTIFIED BY TIGER;
CREATE USER MANAV INDENTIFIED BY TIGER
                  *
ERROR at line 1:
ORA-00922: missing or invalid option 


SQL> CREATE USER MANAV IDENTIFIED BY TIGER;
CREATE USER MANAV IDENTIFIED BY TIGER
            *
ERROR at line 1:
ORA-01920: user name 'MANAV' conflicts with another user or role name 


SQL> CREATE USER HEHE IDENTIFIED BY TIGER;

User created.

SQL> CONN MANAV/TIGER;
ERROR:
ORA-01017: invalid username/password; logon denied 


Warning: You are no longer connected to ORACLE.
SQL> CONN SYSTEM/TIGER;
Connected.
SQL> -----=================>>>>>>>>>>>>>>>>>>>>>>>>>>>>>>>>>>>>>>>>>>>>>>>>>>>>>>>>>>>>>>>>>>>>>>>>>
SQL> GRANT CREATE SESSION
  2  TO HEHE;

Grant succeeded.

SQL> SHOW USER
USER is "SYSTEM"
SQL> CONN HEHE/TIGER
Connected.
SQL> CONN SYSTEM/TIGERL
ERROR:
ORA-01017: invalid username/password; logon denied 


Warning: You are no longer connected to ORACLE.
SQL> CONN SYSTEM/TIGER;
Connected.
SQL> GRANT ALL PRIVILEGES TO HEHE;

Grant succeeded.

SQL> CONN HEHE/TIGER;
Connected.
SQL> CREATE USER MANAV2 IDENTIFIED BY TIGER;

User created.

SQL> "C:\Users\MG SMART TIPS\Desktop\SQL""C:\Users\MG SMART TIPS\Desktop\SQL""C:\Users\MG SMART TIPS\Desktop\SQL""C:\Users\MG SMART TIPS\Desktop\SQL""C:\Users\MG SMART TIPS\Desktop\SQL""C:\Users\MG SM\
SP2-0734: unknown command beginning ""C:\Users\..." - rest of line ignored.
SQL> 
SQL> DROP USER MANAV2;

User dropped.

SQL> CONN SYSTEM/TIGER;
Connected.
SQL> DROP USER HEHE;

User dropped.

SQL> SHOW USER;
USER is "SYSTEM"
SQL> SPOOL OFF;
